// Jest Snapshot v1, https://goo.gl/fbAQLP

exports[`DesktopNav component should match snapshot 1`] = `
<DocumentFragment>
  <div
    aria-label="desktop navigation"
    class="chakra-stack css-d9vnmu"
  >
    <div
      class="css-0"
    >
      <a
        aria-controls="popover-content-:r1b:"
        aria-expanded="false"
        aria-haspopup="dialog"
        class="chakra-link css-1gbk00m"
        id="popover-trigger-:r1b:"
        role="link"
      >
        Capilares
      </a>
      <div
        class="chakra-popover__popper css-1qq679y"
        style="visibility: hidden; position: absolute; min-width: max-content; inset: 0 auto auto 0;"
      >
        <section
          class="chakra-popover__content css-r1kswd"
          id="popover-content-:r1b:"
          role="tooltip"
          style="transform-origin: var(--popper-transform-origin); opacity: 0; visibility: hidden; transform: scale(0.95);"
          tabindex="-1"
        >
          <div
            class="chakra-stack css-8g8ihq"
          >
            <a
              class="chakra-link css-1vqjwd2"
              role="group"
            >
              <div
                class="chakra-stack css-1igwmid"
              >
                <div
                  class="css-0"
                >
                  <p
                    class="chakra-text css-sc37ud"
                  >
                    Coloración
                  </p>
                  <p
                    class="chakra-text css-itvw0n"
                  />
                </div>
                <div
                  class="css-2gz105"
                >
                  <svg
                    class="chakra-icon chakra-icon css-1ossod7"
                    focusable="false"
                    viewBox="0 0 24 24"
                  >
                    <path
                      d="M10 6L8.59 7.41 13.17 12l-4.58 4.59L10 18l6-6z"
                      fill="currentColor"
                    />
                  </svg>
                </div>
              </div>
            </a>
            <a
              class="chakra-link css-1vqjwd2"
              role="group"
            >
              <div
                class="chakra-stack css-1igwmid"
              >
                <div
                  class="css-0"
                >
                  <p
                    class="chakra-text css-sc37ud"
                  >
                    Styling
                  </p>
                  <p
                    class="chakra-text css-itvw0n"
                  />
                </div>
                <div
                  class="css-2gz105"
                >
                  <svg
                    class="chakra-icon chakra-icon css-1ossod7"
                    focusable="false"
                    viewBox="0 0 24 24"
                  >
                    <path
                      d="M10 6L8.59 7.41 13.17 12l-4.58 4.59L10 18l6-6z"
                      fill="currentColor"
                    />
                  </svg>
                </div>
              </div>
            </a>
            <a
              class="chakra-link css-1vqjwd2"
              role="group"
            >
              <div
                class="chakra-stack css-1igwmid"
              >
                <div
                  class="css-0"
                >
                  <p
                    class="chakra-text css-sc37ud"
                  >
                    HairCare
                  </p>
                  <p
                    class="chakra-text css-itvw0n"
                  />
                </div>
                <div
                  class="css-2gz105"
                >
                  <svg
                    class="chakra-icon chakra-icon css-1ossod7"
                    focusable="false"
                    viewBox="0 0 24 24"
                  >
                    <path
                      d="M10 6L8.59 7.41 13.17 12l-4.58 4.59L10 18l6-6z"
                      fill="currentColor"
                    />
                  </svg>
                </div>
              </div>
            </a>
            <a
              class="chakra-link css-1vqjwd2"
              role="group"
            >
              <div
                class="chakra-stack css-1igwmid"
              >
                <div
                  class="css-0"
                >
                  <p
                    class="chakra-text css-sc37ud"
                  >
                    Forma
                  </p>
                  <p
                    class="chakra-text css-itvw0n"
                  />
                </div>
                <div
                  class="css-2gz105"
                >
                  <svg
                    class="chakra-icon chakra-icon css-1ossod7"
                    focusable="false"
                    viewBox="0 0 24 24"
                  >
                    <path
                      d="M10 6L8.59 7.41 13.17 12l-4.58 4.59L10 18l6-6z"
                      fill="currentColor"
                    />
                  </svg>
                </div>
              </div>
            </a>
          </div>
        </section>
      </div>
    </div>
    <div
      class="css-0"
    >
      <a
        aria-controls="popover-content-:r1d:"
        aria-expanded="false"
        aria-haspopup="dialog"
        class="chakra-link css-1gbk00m"
        id="popover-trigger-:r1d:"
        role="link"
      >
        Manos y Uñas
      </a>
      <div
        class="chakra-popover__popper css-1qq679y"
        style="visibility: hidden; position: absolute; min-width: max-content; inset: 0 auto auto 0;"
      >
        <section
          class="chakra-popover__content css-r1kswd"
          id="popover-content-:r1d:"
          role="tooltip"
          style="transform-origin: var(--popper-transform-origin); opacity: 0; visibility: hidden; transform: scale(0.95);"
          tabindex="-1"
        >
          <div
            class="chakra-stack css-8g8ihq"
          >
            <a
              class="chakra-link css-1vqjwd2"
              role="group"
            >
              <div
                class="chakra-stack css-1igwmid"
              >
                <div
                  class="css-0"
                >
                  <p
                    class="chakra-text css-sc37ud"
                  >
                    Prueba children
                  </p>
                  <p
                    class="chakra-text css-itvw0n"
                  />
                </div>
                <div
                  class="css-2gz105"
                >
                  <svg
                    class="chakra-icon chakra-icon css-1ossod7"
                    focusable="false"
                    viewBox="0 0 24 24"
                  >
                    <path
                      d="M10 6L8.59 7.41 13.17 12l-4.58 4.59L10 18l6-6z"
                      fill="currentColor"
                    />
                  </svg>
                </div>
              </div>
            </a>
          </div>
        </section>
      </div>
    </div>
    <div
      class="css-0"
    >
      <a
        aria-controls="popover-content-:r1f:"
        aria-expanded="false"
        aria-haspopup="dialog"
        class="chakra-link css-1gbk00m"
        id="popover-trigger-:r1f:"
        role="link"
      >
        Maquillaje
      </a>
    </div>
    <div
      class="css-0"
    >
      <a
        aria-controls="popover-content-:r1h:"
        aria-expanded="false"
        aria-haspopup="dialog"
        class="chakra-link css-1gbk00m"
        id="popover-trigger-:r1h:"
        role="link"
      >
        Equipamientos
      </a>
    </div>
    <div
      class="css-0"
    >
      <a
        aria-controls="popover-content-:r1j:"
        aria-expanded="false"
        aria-haspopup="dialog"
        class="chakra-link css-1gbk00m"
        id="popover-trigger-:r1j:"
        role="link"
      >
        Estética y Spa
      </a>
    </div>
  </div>
  <span
    hidden=""
    id="__chakra_env"
  />
</DocumentFragment>
`;
