// Jest Snapshot v1, https://goo.gl/fbAQLP

exports[`Logo component should match snapshot 1`] = `
<DocumentFragment>
  <img
    alt="Logo"
    class="chakra-image css-12p8lrt"
    src="logo-mock.png"
  />
  <span
    hidden=""
    id="__chakra_env"
  />
</DocumentFragment>
`;
