// Jest Snapshot v1, https://goo.gl/fbAQLP

exports[`MobileNavItem component should match snapshot 1`] = `
<DocumentFragment>
  <div
    class="chakra-stack css-1811skr"
  >
    <div
      class="css-lxmzlz"
    >
      <a
        class="chakra-link css-xjxbhl"
      >
        Sample Label
      </a>
      <svg
        aria-expanded="false"
        class="chakra-icon chakra-icon css-btfxl7"
        focusable="false"
        role="img"
        viewBox="0 0 24 24"
      >
        <path
          d="M16.59 8.59L12 13.17 7.41 8.59 6 10l6 6 6-6z"
          fill="currentColor"
        />
      </svg>
    </div>
    <div
      class="chakra-collapse"
      style="overflow: hidden; display: none; opacity: 0; height: 0px;"
    >
      <div
        class="chakra-stack css-thv72w"
      >
        <a
          class="chakra-link css-41nuu3"
          href="/child1"
        >
          Child 1
        </a>
        <a
          class="chakra-link css-1i2kz6s"
        >
          Child 2
        </a>
      </div>
    </div>
  </div>
  <span
    hidden=""
    id="__chakra_env"
  />
</DocumentFragment>
`;
