// Jest Snapshot v1, https://goo.gl/fbAQLP

exports[`Navbar component matches snapshot 1`] = `
<DocumentFragment>
  <div
    class="css-sbp024"
  >
    <div
      class="css-10zp3en"
    >
      <div
        class="css-13yncan"
      >
        <button
          aria-label="Toggle Navigation"
          class="chakra-button css-15bt6gt"
          type="button"
        >
          <svg
            aria-hidden="true"
            class="chakra-icon css-n4g5d6"
            focusable="false"
            viewBox="0 0 24 24"
          >
            <path
              d="M 3 5 A 1.0001 1.0001 0 1 0 3 7 L 21 7 A 1.0001 1.0001 0 1 0 21 5 L 3 5 z M 3 11 A 1.0001 1.0001 0 1 0 3 13 L 21 13 A 1.0001 1.0001 0 1 0 21 11 L 3 11 z M 3 17 A 1.0001 1.0001 0 1 0 3 19 L 21 19 A 1.0001 1.0001 0 1 0 21 17 L 3 17 z"
              fill="currentColor"
            />
          </svg>
        </button>
      </div>
      <div
        class="css-1ef8uzr"
      >
        <img
          alt="Logo"
          class="chakra-image css-12p8lrt"
          src=""
        />
        <div
          class="css-xt8fz0"
        >
          <div
            aria-label="desktop navigation"
            class="chakra-stack css-d9vnmu"
          >
            <div
              class="css-0"
            >
              <a
                aria-controls="popover-content-:re:"
                aria-expanded="false"
                aria-haspopup="dialog"
                class="chakra-link css-1gbk00m"
                id="popover-trigger-:re:"
                role="link"
              >
                Categorias
              </a>
              <div
                class="chakra-popover__popper css-1qq679y"
                style="visibility: hidden; position: absolute; min-width: max-content; inset: 0 auto auto 0;"
              >
                <section
                  class="chakra-popover__content css-r1kswd"
                  id="popover-content-:re:"
                  role="tooltip"
                  style="transform-origin: var(--popper-transform-origin); opacity: 0; visibility: hidden; transform: scale(0.95);"
                  tabindex="-1"
                >
                  <div
                    class="chakra-stack css-8g8ihq"
                  >
                    <a
                      class="chakra-link css-g5555e"
                      role="group"
                    >
                      <div
                        class="chakra-stack css-1igwmid"
                      >
                        <div
                          class="css-0"
                        >
                          <p
                            class="chakra-text css-sc37ud"
                          >
                            Tecnologia
                          </p>
                          <p
                            class="chakra-text css-itvw0n"
                          />
                        </div>
                        <div
                          class="css-2gz105"
                        >
                          <svg
                            class="chakra-icon chakra-icon css-1ossod7"
                            focusable="false"
                            viewBox="0 0 24 24"
                          >
                            <path
                              d="M10 6L8.59 7.41 13.17 12l-4.58 4.59L10 18l6-6z"
                              fill="currentColor"
                            />
                          </svg>
                        </div>
                      </div>
                    </a>
                    <a
                      class="chakra-link css-g5555e"
                      role="group"
                    >
                      <div
                        class="chakra-stack css-1igwmid"
                      >
                        <div
                          class="css-0"
                        >
                          <p
                            class="chakra-text css-sc37ud"
                          >
                            Electro
                          </p>
                          <p
                            class="chakra-text css-itvw0n"
                          />
                        </div>
                        <div
                          class="css-2gz105"
                        >
                          <svg
                            class="chakra-icon chakra-icon css-1ossod7"
                            focusable="false"
                            viewBox="0 0 24 24"
                          >
                            <path
                              d="M10 6L8.59 7.41 13.17 12l-4.58 4.59L10 18l6-6z"
                              fill="currentColor"
                            />
                          </svg>
                        </div>
                      </div>
                    </a>
                    <a
                      class="chakra-link css-g5555e"
                      role="group"
                    >
                      <div
                        class="chakra-stack css-1igwmid"
                      >
                        <div
                          class="css-0"
                        >
                          <p
                            class="chakra-text css-sc37ud"
                          >
                            Herramientas
                          </p>
                          <p
                            class="chakra-text css-itvw0n"
                          />
                        </div>
                        <div
                          class="css-2gz105"
                        >
                          <svg
                            class="chakra-icon chakra-icon css-1ossod7"
                            focusable="false"
                            viewBox="0 0 24 24"
                          >
                            <path
                              d="M10 6L8.59 7.41 13.17 12l-4.58 4.59L10 18l6-6z"
                              fill="currentColor"
                            />
                          </svg>
                        </div>
                      </div>
                    </a>
                    <a
                      class="chakra-link css-g5555e"
                      role="group"
                    >
                      <div
                        class="chakra-stack css-1igwmid"
                      >
                        <div
                          class="css-0"
                        >
                          <p
                            class="chakra-text css-sc37ud"
                          >
                            Juguetes
                          </p>
                          <p
                            class="chakra-text css-itvw0n"
                          />
                        </div>
                        <div
                          class="css-2gz105"
                        >
                          <svg
                            class="chakra-icon chakra-icon css-1ossod7"
                            focusable="false"
                            viewBox="0 0 24 24"
                          >
                            <path
                              d="M10 6L8.59 7.41 13.17 12l-4.58 4.59L10 18l6-6z"
                              fill="currentColor"
                            />
                          </svg>
                        </div>
                      </div>
                    </a>
                    <a
                      class="chakra-link css-g5555e"
                      role="group"
                    >
                      <div
                        class="chakra-stack css-1igwmid"
                      >
                        <div
                          class="css-0"
                        >
                          <p
                            class="chakra-text css-sc37ud"
                          >
                            Jardin
                          </p>
                          <p
                            class="chakra-text css-itvw0n"
                          />
                        </div>
                        <div
                          class="css-2gz105"
                        >
                          <svg
                            class="chakra-icon chakra-icon css-1ossod7"
                            focusable="false"
                            viewBox="0 0 24 24"
                          >
                            <path
                              d="M10 6L8.59 7.41 13.17 12l-4.58 4.59L10 18l6-6z"
                              fill="currentColor"
                            />
                          </svg>
                        </div>
                      </div>
                    </a>
                    <a
                      class="chakra-link css-g5555e"
                      role="group"
                    >
                      <div
                        class="chakra-stack css-1igwmid"
                      >
                        <div
                          class="css-0"
                        >
                          <p
                            class="chakra-text css-sc37ud"
                          >
                            Zapatillas
                          </p>
                          <p
                            class="chakra-text css-itvw0n"
                          />
                        </div>
                        <div
                          class="css-2gz105"
                        >
                          <svg
                            class="chakra-icon chakra-icon css-1ossod7"
                            focusable="false"
                            viewBox="0 0 24 24"
                          >
                            <path
                              d="M10 6L8.59 7.41 13.17 12l-4.58 4.59L10 18l6-6z"
                              fill="currentColor"
                            />
                          </svg>
                        </div>
                      </div>
                    </a>
                    <a
                      class="chakra-link css-g5555e"
                      role="group"
                    >
                      <div
                        class="chakra-stack css-1igwmid"
                      >
                        <div
                          class="css-0"
                        >
                          <p
                            class="chakra-text css-sc37ud"
                          >
                            OFERTAS!
                          </p>
                          <p
                            class="chakra-text css-itvw0n"
                          />
                        </div>
                        <div
                          class="css-2gz105"
                        >
                          <svg
                            class="chakra-icon chakra-icon css-1ossod7"
                            focusable="false"
                            viewBox="0 0 24 24"
                          >
                            <path
                              d="M10 6L8.59 7.41 13.17 12l-4.58 4.59L10 18l6-6z"
                              fill="currentColor"
                            />
                          </svg>
                        </div>
                      </div>
                    </a>
                  </div>
                </section>
              </div>
            </div>
            <div
              class="css-0"
            >
              <a
                aria-controls="popover-content-:rg:"
                aria-expanded="false"
                aria-haspopup="dialog"
                class="chakra-link css-1gbk00m"
                id="popover-trigger-:rg:"
                role="link"
              >
                Todos los productos
              </a>
            </div>
            <div
              class="css-0"
            >
              <a
                aria-controls="popover-content-:ri:"
                aria-expanded="false"
                aria-haspopup="dialog"
                class="chakra-link css-1gbk00m"
                id="popover-trigger-:ri:"
                role="link"
              >
                ¿Donde estamos?
              </a>
            </div>
            <div
              class="css-0"
            >
              <a
                aria-controls="popover-content-:rk:"
                aria-expanded="false"
                aria-haspopup="dialog"
                class="chakra-link css-1gbk00m"
                id="popover-trigger-:rk:"
                role="link"
              >
                Quienes somos...
              </a>
            </div>
            <div
              class="css-0"
            >
              <a
                aria-controls="popover-content-:rm:"
                aria-expanded="false"
                aria-haspopup="dialog"
                class="chakra-link css-1gbk00m"
                id="popover-trigger-:rm:"
                role="link"
              >
                Contactanos
              </a>
            </div>
          </div>
        </div>
      </div>
      <div
        class="chakra-stack css-es01n6"
      >
        <div
          class="css-177jhv5"
        >
          <button
            class="chakra-button css-1e2mvam"
            type="button"
          >
            Ingresar
          </button>
        </div>
        <button
          aria-label="Toggle Dark Mode"
          class="chakra-button css-lt0n4j"
          data-testid="dark-mode-toggle"
          type="button"
        >
          <svg
            aria-hidden="true"
            class="chakra-icon css-onkibi"
            focusable="false"
            viewBox="0 0 24 24"
          >
            <path
              d="M21.4,13.7C20.6,13.9,19.8,14,19,14c-5,0-9-4-9-9c0-0.8,0.1-1.6,0.3-2.4c0.1-0.3,0-0.7-0.3-1 c-0.3-0.3-0.6-0.4-1-0.3C4.3,2.7,1,7.1,1,12c0,6.1,4.9,11,11,11c4.9,0,9.3-3.3,10.6-8.1c0.1-0.3,0-0.7-0.3-1 C22.1,13.7,21.7,13.6,21.4,13.7z"
              fill="currentColor"
            />
          </svg>
        </button>
      </div>
    </div>
    <div
      class="chakra-collapse"
      style="overflow: hidden; display: none; opacity: 0; height: 0px;"
    >
      <div
        data-testid="mobile-nav"
      >
        Mobile Nav
      </div>
    </div>
  </div>
  <span
    hidden=""
    id="__chakra_env"
  />
</DocumentFragment>
`;
