// Jest Snapshot v1, https://goo.gl/fbAQLP

exports[`ProductList component should match snapshot 1`] = `
<DocumentFragment>
  <div
    class="css-83ahn5"
  />
  <span
    hidden=""
    id="__chakra_env"
  />
</DocumentFragment>
`;
